// Jest Snapshot v1, https://goo.gl/fbAQLP

exports[`SonarRepositoryImpl should get projectMetrics 1`] = `
Array [
  Object {
    "alertStatus": "OK",
    "bugs": 0,
    "codeSmells": 30,
    "coverage": 86.3,
    "createdAt": 2018-12-10T10:45:09.000Z,
    "duplicatedBlocks": 8,
    "duplicatedLinesDensity": 2.5,
    "ncloc": 4534,
    "nclocLanguageDistribution": "java=4534",
    "newBugs": 0,
    "newCodeSmells": 0,
    "newCoverage": 0,
    "newDuplicatedLinesDensity": 0,
    "newLines": 0,
    "newLinesToCover": 0,
    "newMaintainabilityRating": 0,
    "newReliabilityRating": 0,
    "newSecurityRating": 0,
    "newTechnicalDebt": "",
    "newVulnerabilities": 0,
    "projectName": "someProject",
    "qualityGateDetails": "{\\"level\\":\\"OK\\",\\"conditions\\":[],\\"ignoredConditions\\":false}",
    "reliabilityRating": 1,
    "securityRating": 1,
    "sqaleIndex": 300,
    "sqaleRating": 1,
    "teamName": "someTeam",
    "tests": 74,
    "version": undefined,
    "vulnerabilities": 0,
  },
  Object {
    "alertStatus": "OK",
    "bugs": 0,
    "codeSmells": 27,
    "coverage": 87,
    "createdAt": 2018-12-11T08:17:33.000Z,
    "duplicatedBlocks": 8,
    "duplicatedLinesDensity": 2.5,
    "ncloc": 4530,
    "nclocLanguageDistribution": "java=4530",
    "newBugs": 0,
    "newCodeSmells": 0,
    "newCoverage": 0,
    "newDuplicatedLinesDensity": 0,
    "newLines": 0,
    "newLinesToCover": 0,
    "newMaintainabilityRating": 0,
    "newReliabilityRating": 0,
    "newSecurityRating": 0,
    "newTechnicalDebt": "",
    "newVulnerabilities": 0,
    "projectName": "someProject",
    "qualityGateDetails": "{\\"level\\":\\"OK\\",\\"conditions\\":[{\\"metric\\":\\"new_security_rating\\",\\"op\\":\\"GT\\",\\"period\\":1,\\"error\\":\\"1\\",\\"actual\\":\\"1\\",\\"level\\":\\"OK\\"},{\\"metric\\":\\"new_reliability_rating\\",\\"op\\":\\"GT\\",\\"period\\":1,\\"error\\":\\"1\\",\\"actual\\":\\"1\\",\\"level\\":\\"OK\\"},{\\"metric\\":\\"new_maintainability_rating\\",\\"op\\":\\"GT\\",\\"period\\":1,\\"error\\":\\"1\\",\\"actual\\":\\"1\\",\\"level\\":\\"OK\\"},{\\"metric\\":\\"new_coverage\\",\\"op\\":\\"LT\\",\\"period\\":1,\\"error\\":\\"80\\",\\"actual\\":\\"92.3076923076923\\",\\"level\\":\\"OK\\"},{\\"metric\\":\\"new_duplicated_lines_density\\",\\"op\\":\\"GT\\",\\"period\\":1,\\"error\\":\\"3\\",\\"actual\\":\\"0.0\\",\\"level\\":\\"OK\\"}],\\"ignoredConditions\\":false}",
    "reliabilityRating": 1,
    "securityRating": 1,
    "sqaleIndex": 300,
    "sqaleRating": 1,
    "teamName": "someTeam",
    "tests": 74,
    "version": undefined,
    "vulnerabilities": 0,
  },
  Object {
    "alertStatus": "OK",
    "bugs": 0,
    "codeSmells": 29,
    "coverage": 86.9,
    "createdAt": 2018-12-13T11:58:40.000Z,
    "duplicatedBlocks": 8,
    "duplicatedLinesDensity": 2.5,
    "ncloc": 4535,
    "nclocLanguageDistribution": "java=4535",
    "newBugs": 0,
    "newCodeSmells": 0,
    "newCoverage": 0,
    "newDuplicatedLinesDensity": 0,
    "newLines": 0,
    "newLinesToCover": 0,
    "newMaintainabilityRating": 0,
    "newReliabilityRating": 0,
    "newSecurityRating": 0,
    "newTechnicalDebt": "",
    "newVulnerabilities": 0,
    "projectName": "someProject",
    "qualityGateDetails": "{\\"level\\":\\"OK\\",\\"conditions\\":[{\\"metric\\":\\"new_security_rating\\",\\"op\\":\\"GT\\",\\"period\\":1,\\"error\\":\\"1\\",\\"actual\\":\\"1\\",\\"level\\":\\"OK\\"},{\\"metric\\":\\"new_reliability_rating\\",\\"op\\":\\"GT\\",\\"period\\":1,\\"error\\":\\"1\\",\\"actual\\":\\"1\\",\\"level\\":\\"OK\\"},{\\"metric\\":\\"new_maintainability_rating\\",\\"op\\":\\"GT\\",\\"period\\":1,\\"error\\":\\"1\\",\\"actual\\":\\"1\\",\\"level\\":\\"OK\\"},{\\"metric\\":\\"new_coverage\\",\\"op\\":\\"LT\\",\\"period\\":1,\\"error\\":\\"80\\",\\"actual\\":\\"93.54838709677419\\",\\"level\\":\\"OK\\"},{\\"metric\\":\\"new_duplicated_lines_density\\",\\"op\\":\\"GT\\",\\"period\\":1,\\"error\\":\\"3\\",\\"actual\\":\\"0.0\\",\\"level\\":\\"OK\\"}],\\"ignoredConditions\\":false}",
    "reliabilityRating": 1,
    "securityRating": 1,
    "sqaleIndex": 300,
    "sqaleRating": 1,
    "teamName": "someTeam",
    "tests": 76,
    "version": undefined,
    "vulnerabilities": 0,
  },
  Object {
    "alertStatus": "OK",
    "bugs": 0,
    "codeSmells": 29,
    "coverage": 86.9,
    "createdAt": 2018-12-14T10:52:28.000Z,
    "duplicatedBlocks": 8,
    "duplicatedLinesDensity": 2.5,
    "ncloc": 4535,
    "nclocLanguageDistribution": "java=4535",
    "newBugs": 0,
    "newCodeSmells": 0,
    "newCoverage": 0,
    "newDuplicatedLinesDensity": 0,
    "newLines": 0,
    "newLinesToCover": 0,
    "newMaintainabilityRating": 0,
    "newReliabilityRating": 0,
    "newSecurityRating": 0,
    "newTechnicalDebt": "",
    "newVulnerabilities": 0,
    "projectName": "someProject",
    "qualityGateDetails": "{\\"level\\":\\"OK\\",\\"conditions\\":[{\\"metric\\":\\"new_security_rating\\",\\"op\\":\\"GT\\",\\"period\\":1,\\"error\\":\\"1\\",\\"actual\\":\\"1\\",\\"level\\":\\"OK\\"},{\\"metric\\":\\"new_reliability_rating\\",\\"op\\":\\"GT\\",\\"period\\":1,\\"error\\":\\"1\\",\\"actual\\":\\"1\\",\\"level\\":\\"OK\\"},{\\"metric\\":\\"new_maintainability_rating\\",\\"op\\":\\"GT\\",\\"period\\":1,\\"error\\":\\"1\\",\\"actual\\":\\"1\\",\\"level\\":\\"OK\\"},{\\"metric\\":\\"new_coverage\\",\\"op\\":\\"LT\\",\\"period\\":1,\\"error\\":\\"80\\",\\"actual\\":\\"93.54838709677419\\",\\"level\\":\\"OK\\"},{\\"metric\\":\\"new_duplicated_lines_density\\",\\"op\\":\\"GT\\",\\"period\\":1,\\"error\\":\\"3\\",\\"actual\\":\\"0.0\\",\\"level\\":\\"OK\\"}],\\"ignoredConditions\\":false}",
    "reliabilityRating": 1,
    "securityRating": 1,
    "sqaleIndex": 300,
    "sqaleRating": 1,
    "teamName": "someTeam",
    "tests": 76,
    "version": undefined,
    "vulnerabilities": 0,
  },
  Object {
    "alertStatus": "OK",
    "bugs": 0,
    "codeSmells": 29,
    "coverage": 86.9,
    "createdAt": 2018-12-14T11:41:48.000Z,
    "duplicatedBlocks": 8,
    "duplicatedLinesDensity": 2.5,
    "ncloc": 4535,
    "nclocLanguageDistribution": "java=4535",
    "newBugs": 0,
    "newCodeSmells": 2,
    "newCoverage": 93.5483870967742,
    "newDuplicatedLinesDensity": 0,
    "newLines": 64,
    "newLinesToCover": 19,
    "newMaintainabilityRating": 1,
    "newReliabilityRating": 1,
    "newSecurityRating": 1,
    "newTechnicalDebt": "0",
    "newVulnerabilities": 0,
    "projectName": "someProject",
    "qualityGateDetails": "{\\"level\\":\\"OK\\",\\"conditions\\":[{\\"metric\\":\\"new_security_rating\\",\\"op\\":\\"GT\\",\\"period\\":1,\\"error\\":\\"1\\",\\"actual\\":\\"1\\",\\"level\\":\\"OK\\"},{\\"metric\\":\\"new_reliability_rating\\",\\"op\\":\\"GT\\",\\"period\\":1,\\"error\\":\\"1\\",\\"actual\\":\\"1\\",\\"level\\":\\"OK\\"},{\\"metric\\":\\"new_maintainability_rating\\",\\"op\\":\\"GT\\",\\"period\\":1,\\"error\\":\\"1\\",\\"actual\\":\\"1\\",\\"level\\":\\"OK\\"},{\\"metric\\":\\"new_coverage\\",\\"op\\":\\"LT\\",\\"period\\":1,\\"error\\":\\"80\\",\\"actual\\":\\"93.54838709677419\\",\\"level\\":\\"OK\\"},{\\"metric\\":\\"new_duplicated_lines_density\\",\\"op\\":\\"GT\\",\\"period\\":1,\\"error\\":\\"3\\",\\"actual\\":\\"0.0\\",\\"level\\":\\"OK\\"}],\\"ignoredConditions\\":false}",
    "reliabilityRating": 1,
    "securityRating": 1,
    "sqaleIndex": 300,
    "sqaleRating": 1,
    "teamName": "someTeam",
    "tests": 76,
    "version": "1.0",
    "vulnerabilities": 0,
  },
]
`;
